2026-01-25 21:26:10,157 - utils - INFO - Generating 10000 customer records with 23.0% churn rate
2026-01-25 21:26:10,192 - utils - INFO - Generated dataset shape: (10000, 14)
2026-01-25 21:26:10,193 - utils - INFO - Actual churn rate: 23.00%
2026-01-25 21:26:10,197 - utils - INFO - Missing values: 611
2026-01-25 21:26:10,269 - utils - INFO - Saved data to F:\work\uet lahore\first semester\projects\customer segmentation project\data\raw\customer_data.csv
2026-01-25 21:26:10,280 - utils - INFO - Data generation completed successfully
2026-01-25 22:19:17,758 - utils - INFO - ============================================================
2026-01-25 22:19:17,762 - utils - INFO - STEP 1: DATA GENERATION
2026-01-25 22:19:17,762 - utils - INFO - ============================================================
2026-01-25 22:19:17,763 - utils - INFO - Generating 10000 customer records with 23.0% churn rate
2026-01-25 22:19:17,807 - utils - INFO - Generated dataset shape: (10000, 14)
2026-01-25 22:19:17,815 - utils - INFO - Actual churn rate: 23.00%
2026-01-25 22:19:17,820 - utils - INFO - Missing values: 611
2026-01-25 22:20:25,550 - utils - INFO - ============================================================
2026-01-25 22:20:25,550 - utils - INFO - STEP 1: DATA GENERATION
2026-01-25 22:20:25,555 - utils - INFO - ============================================================
2026-01-25 22:20:25,556 - utils - INFO - Generating 10000 customer records with 23.0% churn rate
2026-01-25 22:20:25,571 - utils - INFO - Generated dataset shape: (10000, 14)
2026-01-25 22:20:25,578 - utils - INFO - Actual churn rate: 23.00%
2026-01-25 22:20:25,580 - utils - INFO - Missing values: 611
2026-01-25 22:20:25,581 - utils - INFO - 
============================================================
2026-01-25 22:20:25,581 - utils - INFO - STEP 2: EXPLORATORY DATA ANALYSIS
2026-01-25 22:20:25,582 - utils - INFO - ============================================================
2026-01-25 22:20:25,582 - utils - INFO - Starting full EDA pipeline
2026-01-25 22:20:25,582 - utils - INFO - Loading data from F:\work\uet lahore\first semester\projects\customer-segmentation-project\data\raw\customer_data.csv
2026-01-25 22:20:25,582 - utils - INFO - Loading data from F:\work\uet lahore\first semester\projects\customer-segmentation-project\data\raw\customer_data.csv
2026-01-25 22:20:25,610 - utils - INFO - Loaded 10000 rows and 14 columns
2026-01-25 22:20:25,673 - utils - INFO - Analyzing churn distribution
2026-01-25 22:20:27,487 - utils - INFO - Plotting numerical feature distributions
2026-01-25 22:20:32,173 - utils - INFO - Plotting categorical feature distributions
2026-01-25 22:20:33,892 - utils - INFO - Creating correlation heatmap
2026-01-25 22:20:35,821 - utils - INFO - Performing statistical tests
2026-01-25 22:20:35,909 - utils - INFO - EDA completed. Visualizations saved to F:\work\uet lahore\first semester\projects\customer-segmentation-project\outputs\eda
2026-01-25 22:20:35,909 - utils - INFO - 
============================================================
2026-01-25 22:20:35,909 - utils - INFO - STEP 3: DATA PREPROCESSING
2026-01-25 22:20:35,909 - utils - INFO - ============================================================
2026-01-25 22:20:35,909 - utils - INFO - Starting preprocessing pipeline
2026-01-25 22:20:35,909 - utils - INFO - Loading raw data from F:\work\uet lahore\first semester\projects\customer-segmentation-project\data\raw\customer_data.csv
2026-01-25 22:20:35,909 - utils - INFO - Loading data from F:\work\uet lahore\first semester\projects\customer-segmentation-project\data\raw\customer_data.csv
2026-01-25 22:20:35,949 - utils - INFO - Loaded 10000 rows and 14 columns
2026-01-25 22:20:35,949 - utils - INFO - Handling missing values
2026-01-25 22:20:35,957 - utils - INFO - Missing values found:
login_frequency     202
session_duration    223
support_tickets     186
dtype: int64
2026-01-25 22:20:35,965 - utils - INFO - Imputed login_frequency with median: 7.80
2026-01-25 22:20:35,965 - utils - INFO - Imputed session_duration with median: 24.80
2026-01-25 22:20:35,965 - utils - INFO - Imputed support_tickets with median: 1.00
2026-01-25 22:20:35,981 - utils - INFO - Encoding categorical features
2026-01-25 22:20:35,997 - utils - INFO - Encoded 3 categorical columns
2026-01-25 22:20:35,997 - utils - INFO - Splitting data into train/val/test sets
2026-01-25 22:20:36,029 - utils - INFO - Train set: 6000 samples (60.0%)
2026-01-25 22:20:36,029 - utils - INFO - Validation set: 2000 samples (20.0%)
2026-01-25 22:20:36,029 - utils - INFO - Test set: 2000 samples (20.0%)
2026-01-25 22:20:36,029 - utils - INFO - Train churn rate: 23.00%
2026-01-25 22:20:36,029 - utils - INFO - Val churn rate: 23.00%
2026-01-25 22:20:36,037 - utils - INFO - Test churn rate: 23.00%
2026-01-25 22:20:36,683 - utils - INFO - Saved data to F:\work\uet lahore\first semester\projects\customer-segmentation-project\data\processed\train.csv
2026-01-25 22:20:36,859 - utils - INFO - Saved data to F:\work\uet lahore\first semester\projects\customer-segmentation-project\data\processed\val.csv
2026-01-25 22:20:36,987 - utils - INFO - Saved data to F:\work\uet lahore\first semester\projects\customer-segmentation-project\data\processed\test.csv
2026-01-25 22:20:36,987 - utils - INFO - Saved model to F:\work\uet lahore\first semester\projects\customer-segmentation-project\data\processed\scaler.pkl
2026-01-25 22:20:36,987 - utils - INFO - Saved processed data and scaler
2026-01-25 22:20:36,987 - utils - INFO - Preprocessing pipeline completed
2026-01-25 22:20:36,987 - utils - INFO - 
============================================================
2026-01-25 22:20:36,987 - utils - INFO - STEP 4: MODEL TRAINING
2026-01-25 22:20:36,987 - utils - INFO - ============================================================
2026-01-25 22:20:36,987 - utils - INFO - Training all baseline models
2026-01-25 22:20:36,987 - utils - INFO - Training Logistic Regression
2026-01-25 22:20:37,027 - utils - INFO - Logistic Regression training completed
2026-01-25 22:20:37,027 - utils - INFO - Evaluating Logistic Regression
2026-01-25 22:20:37,075 - utils - INFO - Training Decision Tree
2026-01-25 22:20:37,107 - utils - INFO - Decision Tree training completed
2026-01-25 22:20:37,107 - utils - INFO - Evaluating Decision Tree
2026-01-25 22:20:37,139 - utils - INFO - Saved model to F:\work\uet lahore\first semester\projects\customer-segmentation-project\models\saved\logistic_regression.pkl
2026-01-25 22:20:37,147 - utils - INFO - Saved model to F:\work\uet lahore\first semester\projects\customer-segmentation-project\models\saved\decision_tree.pkl
2026-01-25 22:20:37,147 - utils - INFO - Saved baseline models
2026-01-25 22:20:37,147 - utils - INFO - Training all advanced models
2026-01-25 22:20:37,147 - utils - INFO - Training Random Forest
2026-01-25 22:20:38,123 - utils - INFO - Random Forest training completed
2026-01-25 22:20:38,123 - utils - INFO - Evaluating Random Forest
2026-01-25 22:20:38,354 - utils - INFO - Training XGBoost
2026-01-25 22:21:11,581 - utils - INFO - ============================================================
2026-01-25 22:21:11,581 - utils - INFO - STEP 1: DATA GENERATION
2026-01-25 22:21:11,581 - utils - INFO - ============================================================
2026-01-25 22:21:11,582 - utils - INFO - Generating 10000 customer records with 23.0% churn rate
2026-01-25 22:21:11,601 - utils - INFO - Generated dataset shape: (10000, 14)
2026-01-25 22:21:11,601 - utils - INFO - Actual churn rate: 23.00%
2026-01-25 22:21:11,604 - utils - INFO - Missing values: 611
2026-01-25 22:21:11,606 - utils - INFO - 
============================================================
2026-01-25 22:21:11,606 - utils - INFO - STEP 2: EXPLORATORY DATA ANALYSIS
2026-01-25 22:21:11,606 - utils - INFO - ============================================================
2026-01-25 22:21:11,607 - utils - INFO - Starting full EDA pipeline
2026-01-25 22:21:11,607 - utils - INFO - Loading data from F:\work\uet lahore\first semester\projects\customer-segmentation-project\data\raw\customer_data.csv
2026-01-25 22:21:11,608 - utils - INFO - Loading data from F:\work\uet lahore\first semester\projects\customer-segmentation-project\data\raw\customer_data.csv
2026-01-25 22:21:11,627 - utils - INFO - Loaded 10000 rows and 14 columns
2026-01-25 22:21:11,675 - utils - INFO - Analyzing churn distribution
2026-01-25 22:21:12,261 - utils - INFO - Plotting numerical feature distributions
2026-01-25 22:21:14,521 - utils - INFO - Plotting categorical feature distributions
2026-01-25 22:21:15,386 - utils - INFO - Creating correlation heatmap
2026-01-25 22:21:16,093 - utils - INFO - Performing statistical tests
2026-01-25 22:21:16,125 - utils - INFO - EDA completed. Visualizations saved to F:\work\uet lahore\first semester\projects\customer-segmentation-project\outputs\eda
2026-01-25 22:21:16,127 - utils - INFO - 
============================================================
2026-01-25 22:21:16,127 - utils - INFO - STEP 3: DATA PREPROCESSING
2026-01-25 22:21:16,127 - utils - INFO - ============================================================
2026-01-25 22:21:16,127 - utils - INFO - Starting preprocessing pipeline
2026-01-25 22:21:16,127 - utils - INFO - Loading raw data from F:\work\uet lahore\first semester\projects\customer-segmentation-project\data\raw\customer_data.csv
2026-01-25 22:21:16,128 - utils - INFO - Loading data from F:\work\uet lahore\first semester\projects\customer-segmentation-project\data\raw\customer_data.csv
2026-01-25 22:21:16,151 - utils - INFO - Loaded 10000 rows and 14 columns
2026-01-25 22:21:16,151 - utils - INFO - Handling missing values
2026-01-25 22:21:16,154 - utils - INFO - Missing values found:
login_frequency     202
session_duration    223
support_tickets     186
dtype: int64
2026-01-25 22:21:16,157 - utils - INFO - Imputed login_frequency with median: 7.80
2026-01-25 22:21:16,159 - utils - INFO - Imputed session_duration with median: 24.80
2026-01-25 22:21:16,160 - utils - INFO - Imputed support_tickets with median: 1.00
2026-01-25 22:21:16,165 - utils - INFO - Encoding categorical features
2026-01-25 22:21:16,173 - utils - INFO - Encoded 3 categorical columns
2026-01-25 22:21:16,173 - utils - INFO - Splitting data into train/val/test sets
2026-01-25 22:21:16,192 - utils - INFO - Train set: 6000 samples (60.0%)
2026-01-25 22:21:16,192 - utils - INFO - Validation set: 2000 samples (20.0%)
2026-01-25 22:21:16,192 - utils - INFO - Test set: 2000 samples (20.0%)
2026-01-25 22:21:16,192 - utils - INFO - Train churn rate: 23.00%
2026-01-25 22:21:16,193 - utils - INFO - Val churn rate: 23.00%
2026-01-25 22:21:16,193 - utils - INFO - Test churn rate: 23.00%
2026-01-25 22:21:16,421 - utils - INFO - Saved data to F:\work\uet lahore\first semester\projects\customer-segmentation-project\data\processed\train.csv
2026-01-25 22:21:16,490 - utils - INFO - Saved data to F:\work\uet lahore\first semester\projects\customer-segmentation-project\data\processed\val.csv
2026-01-25 22:21:16,555 - utils - INFO - Saved data to F:\work\uet lahore\first semester\projects\customer-segmentation-project\data\processed\test.csv
2026-01-25 22:21:16,557 - utils - INFO - Saved model to F:\work\uet lahore\first semester\projects\customer-segmentation-project\data\processed\scaler.pkl
2026-01-25 22:21:16,557 - utils - INFO - Saved processed data and scaler
2026-01-25 22:21:16,557 - utils - INFO - Preprocessing pipeline completed
2026-01-25 22:21:16,559 - utils - INFO - 
============================================================
2026-01-25 22:21:16,559 - utils - INFO - STEP 4: MODEL TRAINING
2026-01-25 22:21:16,559 - utils - INFO - ============================================================
2026-01-25 22:21:16,559 - utils - INFO - Training all baseline models
2026-01-25 22:21:16,560 - utils - INFO - Training Logistic Regression
2026-01-25 22:21:16,586 - utils - INFO - Logistic Regression training completed
2026-01-25 22:21:16,586 - utils - INFO - Evaluating Logistic Regression
2026-01-25 22:21:16,609 - utils - INFO - Training Decision Tree
2026-01-25 22:21:16,632 - utils - INFO - Decision Tree training completed
2026-01-25 22:21:16,632 - utils - INFO - Evaluating Decision Tree
2026-01-25 22:21:16,656 - utils - INFO - Saved model to F:\work\uet lahore\first semester\projects\customer-segmentation-project\models\saved\logistic_regression.pkl
2026-01-25 22:21:16,659 - utils - INFO - Saved model to F:\work\uet lahore\first semester\projects\customer-segmentation-project\models\saved\decision_tree.pkl
2026-01-25 22:21:16,659 - utils - INFO - Saved baseline models
2026-01-25 22:21:16,659 - utils - INFO - Training all advanced models
2026-01-25 22:21:16,659 - utils - INFO - Training Random Forest
2026-01-25 22:21:17,347 - utils - INFO - Random Forest training completed
2026-01-25 22:21:17,348 - utils - INFO - Evaluating Random Forest
2026-01-25 22:21:17,467 - utils - INFO - Training XGBoost
2026-01-25 22:21:17,940 - utils - INFO - XGBoost training completed
2026-01-25 22:21:17,940 - utils - INFO - Evaluating XGBoost
2026-01-25 22:21:17,971 - utils - INFO - Training LightGBM
2026-01-25 22:21:19,202 - utils - INFO - LightGBM training completed
2026-01-25 22:21:19,202 - utils - INFO - Evaluating LightGBM
2026-01-25 22:21:19,366 - utils - INFO - Saved model to F:\work\uet lahore\first semester\projects\customer-segmentation-project\models\saved\random_forest.pkl
2026-01-25 22:21:19,374 - utils - INFO - Saved model to F:\work\uet lahore\first semester\projects\customer-segmentation-project\models\saved\xgboost.pkl
2026-01-25 22:21:19,391 - utils - INFO - Saved model to F:\work\uet lahore\first semester\projects\customer-segmentation-project\models\saved\lightgbm.pkl
2026-01-25 22:21:19,391 - utils - INFO - Saved advanced models
2026-01-25 22:21:19,391 - utils - INFO - 
============================================================
2026-01-25 22:21:19,391 - utils - INFO - STEP 5: MODEL EVALUATION
2026-01-25 22:21:19,391 - utils - INFO - ============================================================
2026-01-25 22:21:24,078 - utils - INFO - 
============================================================
2026-01-25 22:21:24,079 - utils - INFO - STEP 6: MODEL INTERPRETATION
2026-01-25 22:21:24,079 - utils - INFO - ============================================================
2026-01-25 22:21:24,079 - utils - WARNING - Model does not have feature_importances_ attribute
2026-01-25 22:21:24,080 - utils - INFO - Calculating SHAP values for tree model
2026-01-25 22:21:24,080 - utils - INFO - Sampling 500 instances for SHAP calculation
2026-01-25 22:22:50,199 - utils - INFO - ============================================================
2026-01-25 22:22:50,199 - utils - INFO - STEP 1: DATA GENERATION
2026-01-25 22:22:50,199 - utils - INFO - ============================================================
2026-01-25 22:22:50,200 - utils - INFO - Generating 10000 customer records with 23.0% churn rate
2026-01-25 22:22:50,227 - utils - INFO - Generated dataset shape: (10000, 14)
2026-01-25 22:22:50,227 - utils - INFO - Actual churn rate: 23.00%
2026-01-25 22:22:50,230 - utils - INFO - Missing values: 611
2026-01-25 22:22:50,232 - utils - INFO - 
============================================================
2026-01-25 22:22:50,232 - utils - INFO - STEP 2: EXPLORATORY DATA ANALYSIS
2026-01-25 22:22:50,232 - utils - INFO - ============================================================
2026-01-25 22:22:50,233 - utils - INFO - Starting full EDA pipeline
2026-01-25 22:22:50,233 - utils - INFO - Loading data from F:\work\uet lahore\first semester\projects\customer-segmentation-project\data\raw\customer_data.csv
2026-01-25 22:22:50,233 - utils - INFO - Loading data from F:\work\uet lahore\first semester\projects\customer-segmentation-project\data\raw\customer_data.csv
2026-01-25 22:22:50,255 - utils - INFO - Loaded 10000 rows and 14 columns
2026-01-25 22:22:50,308 - utils - INFO - Analyzing churn distribution
2026-01-25 22:22:50,947 - utils - INFO - Plotting numerical feature distributions
2026-01-25 22:22:53,290 - utils - INFO - Plotting categorical feature distributions
2026-01-25 22:22:54,122 - utils - INFO - Creating correlation heatmap
2026-01-25 22:22:54,844 - utils - INFO - Performing statistical tests
2026-01-25 22:22:54,880 - utils - INFO - EDA completed. Visualizations saved to F:\work\uet lahore\first semester\projects\customer-segmentation-project\outputs\eda
2026-01-25 22:22:54,881 - utils - INFO - 
============================================================
2026-01-25 22:22:54,881 - utils - INFO - STEP 3: DATA PREPROCESSING
2026-01-25 22:22:54,881 - utils - INFO - ============================================================
2026-01-25 22:22:54,881 - utils - INFO - Starting preprocessing pipeline
2026-01-25 22:22:54,882 - utils - INFO - Loading raw data from F:\work\uet lahore\first semester\projects\customer-segmentation-project\data\raw\customer_data.csv
2026-01-25 22:22:54,882 - utils - INFO - Loading data from F:\work\uet lahore\first semester\projects\customer-segmentation-project\data\raw\customer_data.csv
2026-01-25 22:22:54,907 - utils - INFO - Loaded 10000 rows and 14 columns
2026-01-25 22:22:54,908 - utils - INFO - Handling missing values
2026-01-25 22:22:54,914 - utils - INFO - Missing values found:
login_frequency     202
session_duration    223
support_tickets     186
dtype: int64
2026-01-25 22:22:54,917 - utils - INFO - Imputed login_frequency with median: 7.80
2026-01-25 22:22:54,918 - utils - INFO - Imputed session_duration with median: 24.80
2026-01-25 22:22:54,921 - utils - INFO - Imputed support_tickets with median: 1.00
2026-01-25 22:22:54,924 - utils - INFO - Encoding categorical features
2026-01-25 22:22:54,929 - utils - INFO - Encoded 3 categorical columns
2026-01-25 22:22:54,929 - utils - INFO - Splitting data into train/val/test sets
2026-01-25 22:22:54,944 - utils - INFO - Train set: 6000 samples (60.0%)
2026-01-25 22:22:54,944 - utils - INFO - Validation set: 2000 samples (20.0%)
2026-01-25 22:22:54,945 - utils - INFO - Test set: 2000 samples (20.0%)
2026-01-25 22:22:54,945 - utils - INFO - Train churn rate: 23.00%
2026-01-25 22:22:54,945 - utils - INFO - Val churn rate: 23.00%
2026-01-25 22:22:54,945 - utils - INFO - Test churn rate: 23.00%
2026-01-25 22:22:55,164 - utils - INFO - Saved data to F:\work\uet lahore\first semester\projects\customer-segmentation-project\data\processed\train.csv
2026-01-25 22:22:55,236 - utils - INFO - Saved data to F:\work\uet lahore\first semester\projects\customer-segmentation-project\data\processed\val.csv
2026-01-25 22:22:55,303 - utils - INFO - Saved data to F:\work\uet lahore\first semester\projects\customer-segmentation-project\data\processed\test.csv
2026-01-25 22:22:55,305 - utils - INFO - Saved model to F:\work\uet lahore\first semester\projects\customer-segmentation-project\data\processed\scaler.pkl
2026-01-25 22:22:55,306 - utils - INFO - Saved processed data and scaler
2026-01-25 22:22:55,306 - utils - INFO - Preprocessing pipeline completed
2026-01-25 22:22:55,307 - utils - INFO - 
============================================================
2026-01-25 22:22:55,307 - utils - INFO - STEP 4: MODEL TRAINING
2026-01-25 22:22:55,307 - utils - INFO - ============================================================
2026-01-25 22:22:55,308 - utils - INFO - Training all baseline models
2026-01-25 22:22:55,308 - utils - INFO - Training Logistic Regression
2026-01-25 22:22:55,326 - utils - INFO - Logistic Regression training completed
2026-01-25 22:22:55,327 - utils - INFO - Evaluating Logistic Regression
2026-01-25 22:22:55,345 - utils - INFO - Training Decision Tree
2026-01-25 22:22:55,365 - utils - INFO - Decision Tree training completed
2026-01-25 22:22:55,365 - utils - INFO - Evaluating Decision Tree
2026-01-25 22:22:55,388 - utils - INFO - Saved model to F:\work\uet lahore\first semester\projects\customer-segmentation-project\models\saved\logistic_regression.pkl
2026-01-25 22:22:55,391 - utils - INFO - Saved model to F:\work\uet lahore\first semester\projects\customer-segmentation-project\models\saved\decision_tree.pkl
2026-01-25 22:22:55,391 - utils - INFO - Saved baseline models
2026-01-25 22:22:55,392 - utils - INFO - Training all advanced models
2026-01-25 22:22:55,392 - utils - INFO - Training Random Forest
2026-01-25 22:22:56,071 - utils - INFO - Random Forest training completed
2026-01-25 22:22:56,072 - utils - INFO - Evaluating Random Forest
2026-01-25 22:22:56,216 - utils - INFO - Training XGBoost
2026-01-25 22:22:56,460 - utils - INFO - XGBoost training completed
2026-01-25 22:22:56,460 - utils - INFO - Evaluating XGBoost
2026-01-25 22:22:56,491 - utils - INFO - Training LightGBM
2026-01-25 22:22:57,117 - utils - INFO - LightGBM training completed
2026-01-25 22:22:57,118 - utils - INFO - Evaluating LightGBM
2026-01-25 22:22:57,600 - utils - INFO - Saved model to F:\work\uet lahore\first semester\projects\customer-segmentation-project\models\saved\random_forest.pkl
2026-01-25 22:22:57,610 - utils - INFO - Saved model to F:\work\uet lahore\first semester\projects\customer-segmentation-project\models\saved\xgboost.pkl
2026-01-25 22:22:57,630 - utils - INFO - Saved model to F:\work\uet lahore\first semester\projects\customer-segmentation-project\models\saved\lightgbm.pkl
2026-01-25 22:22:57,631 - utils - INFO - Saved advanced models
2026-01-25 22:22:57,632 - utils - INFO - 
============================================================
2026-01-25 22:22:57,632 - utils - INFO - STEP 5: MODEL EVALUATION
2026-01-25 22:22:57,632 - utils - INFO - ============================================================
2026-01-25 22:23:27,792 - utils - INFO - 
============================================================
2026-01-25 22:23:27,792 - utils - INFO - STEP 6: MODEL INTERPRETATION
2026-01-25 22:23:27,793 - utils - INFO - ============================================================
2026-01-25 22:23:28,483 - utils - INFO - Calculating SHAP values for linear model
2026-01-25 22:23:28,484 - utils - INFO - Sampling 500 instances for SHAP calculation
2026-01-25 22:23:28,487 - utils - INFO - SHAP values calculated successfully
2026-01-25 22:30:32,541 - utils - INFO - Loading and preprocessing data
2026-01-25 22:30:32,541 - utils - INFO - Starting preprocessing pipeline
2026-01-25 22:30:32,541 - utils - INFO - Loading raw data from f:\work\uet lahore\first semester\projects\customer-segmentation-project\data\raw\customer_data.csv
2026-01-25 22:30:32,541 - utils - INFO - Loading data from f:\work\uet lahore\first semester\projects\customer-segmentation-project\data\raw\customer_data.csv
2026-01-25 22:30:32,565 - utils - INFO - Loaded 10000 rows and 14 columns
2026-01-25 22:30:32,565 - utils - INFO - Handling missing values
2026-01-25 22:30:32,571 - utils - INFO - Missing values found:
login_frequency     202
session_duration    223
support_tickets     186
dtype: int64
2026-01-25 22:30:32,571 - utils - INFO - Imputed login_frequency with median: 7.80
2026-01-25 22:30:32,579 - utils - INFO - Imputed session_duration with median: 24.80
2026-01-25 22:30:32,595 - utils - INFO - Imputed support_tickets with median: 1.00
2026-01-25 22:30:32,603 - utils - INFO - Encoding categorical features
2026-01-25 22:30:32,611 - utils - INFO - Encoded 3 categorical columns
2026-01-25 22:30:32,611 - utils - INFO - Splitting data into train/val/test sets
2026-01-25 22:30:32,630 - utils - INFO - Train set: 6000 samples (60.0%)
2026-01-25 22:30:32,630 - utils - INFO - Validation set: 2000 samples (20.0%)
2026-01-25 22:30:32,630 - utils - INFO - Test set: 2000 samples (20.0%)
2026-01-25 22:30:32,637 - utils - INFO - Train churn rate: 23.00%
2026-01-25 22:30:32,637 - utils - INFO - Val churn rate: 23.00%
2026-01-25 22:30:32,637 - utils - INFO - Test churn rate: 23.00%
2026-01-25 22:30:32,841 - utils - INFO - Saved data to f:\work\uet lahore\first semester\projects\customer-segmentation-project\data\processed\train.csv
2026-01-25 22:30:32,907 - utils - INFO - Saved data to f:\work\uet lahore\first semester\projects\customer-segmentation-project\data\processed\val.csv
2026-01-25 22:30:33,003 - utils - INFO - Saved data to f:\work\uet lahore\first semester\projects\customer-segmentation-project\data\processed\test.csv
2026-01-25 22:30:33,003 - utils - INFO - Saved model to f:\work\uet lahore\first semester\projects\customer-segmentation-project\data\processed\scaler.pkl
2026-01-25 22:30:33,011 - utils - INFO - Saved processed data and scaler
2026-01-25 22:30:33,011 - utils - INFO - Preprocessing pipeline completed
2026-01-25 22:30:33,019 - utils - INFO - Training Random Forest for interpretation
2026-01-25 22:30:33,019 - utils - INFO - Training Random Forest
2026-01-25 22:30:33,819 - utils - INFO - Random Forest training completed
2026-01-25 22:30:34,828 - utils - INFO - Calculating SHAP values for tree model
2026-01-25 22:30:34,828 - utils - INFO - Sampling 500 instances for SHAP calculation
2026-01-25 22:30:36,692 - utils - INFO - SHAP values calculated successfully
2026-01-25 22:55:32,108 - utils - INFO - Starting full EDA pipeline
2026-01-25 22:55:32,108 - utils - INFO - Loading data from f:\work\uet lahore\first semester\projects\customer-segmentation-project\data\raw\customer_data.csv
2026-01-25 22:55:32,116 - utils - INFO - Loading data from f:\work\uet lahore\first semester\projects\customer-segmentation-project\data\raw\customer_data.csv
2026-01-25 22:55:32,209 - utils - INFO - Loaded 10000 rows and 14 columns
2026-01-25 22:55:32,302 - utils - INFO - Analyzing churn distribution
2026-01-25 22:55:33,280 - utils - INFO - Plotting numerical feature distributions
2026-01-25 22:55:36,007 - utils - INFO - Plotting categorical feature distributions
2026-01-25 22:55:36,790 - utils - INFO - Creating correlation heatmap
2026-01-25 22:55:37,600 - utils - INFO - Performing statistical tests
2026-01-25 22:55:37,650 - utils - INFO - EDA completed. Visualizations saved to f:\work\uet lahore\first semester\projects\customer-segmentation-project\outputs\eda
2026-01-25 22:55:58,965 - utils - INFO - Loading and preprocessing data
2026-01-25 22:55:58,965 - utils - INFO - Starting preprocessing pipeline
2026-01-25 22:55:58,965 - utils - INFO - Loading raw data from f:\work\uet lahore\first semester\projects\customer-segmentation-project\data\raw\customer_data.csv
2026-01-25 22:55:58,965 - utils - INFO - Loading data from f:\work\uet lahore\first semester\projects\customer-segmentation-project\data\raw\customer_data.csv
2026-01-25 22:55:58,993 - utils - INFO - Loaded 10000 rows and 14 columns
2026-01-25 22:55:58,993 - utils - INFO - Handling missing values
2026-01-25 22:55:59,001 - utils - INFO - Missing values found:
login_frequency     202
session_duration    223
support_tickets     186
dtype: int64
2026-01-25 22:55:59,009 - utils - INFO - Imputed login_frequency with median: 7.80
2026-01-25 22:55:59,009 - utils - INFO - Imputed session_duration with median: 24.80
2026-01-25 22:55:59,009 - utils - INFO - Imputed support_tickets with median: 1.00
2026-01-25 22:55:59,025 - utils - INFO - Encoding categorical features
2026-01-25 22:55:59,033 - utils - INFO - Encoded 3 categorical columns
2026-01-25 22:55:59,033 - utils - INFO - Splitting data into train/val/test sets
2026-01-25 22:55:59,062 - utils - INFO - Train set: 6000 samples (60.0%)
2026-01-25 22:55:59,062 - utils - INFO - Validation set: 2000 samples (20.0%)
2026-01-25 22:55:59,062 - utils - INFO - Test set: 2000 samples (20.0%)
2026-01-25 22:55:59,062 - utils - INFO - Train churn rate: 23.00%
2026-01-25 22:55:59,062 - utils - INFO - Val churn rate: 23.00%
2026-01-25 22:55:59,062 - utils - INFO - Test churn rate: 23.00%
2026-01-25 22:55:59,262 - utils - INFO - Saved data to f:\work\uet lahore\first semester\projects\customer-segmentation-project\data\processed\train.csv
2026-01-25 22:55:59,331 - utils - INFO - Saved data to f:\work\uet lahore\first semester\projects\customer-segmentation-project\data\processed\val.csv
2026-01-25 22:55:59,389 - utils - INFO - Saved data to f:\work\uet lahore\first semester\projects\customer-segmentation-project\data\processed\test.csv
2026-01-25 22:55:59,389 - utils - INFO - Saved model to f:\work\uet lahore\first semester\projects\customer-segmentation-project\data\processed\scaler.pkl
2026-01-25 22:55:59,389 - utils - INFO - Saved processed data and scaler
2026-01-25 22:55:59,389 - utils - INFO - Preprocessing pipeline completed
2026-01-25 22:55:59,389 - utils - INFO - Training all advanced models
2026-01-25 22:55:59,389 - utils - INFO - Training Random Forest
2026-01-25 22:56:00,123 - utils - INFO - Random Forest training completed
2026-01-25 22:56:00,123 - utils - INFO - Evaluating Random Forest
2026-01-25 22:56:00,289 - utils - INFO - Training XGBoost
2026-01-25 22:56:00,513 - utils - INFO - XGBoost training completed
2026-01-25 22:56:00,513 - utils - INFO - Evaluating XGBoost
2026-01-25 22:56:00,564 - utils - INFO - Training LightGBM
2026-01-25 22:56:01,332 - utils - INFO - LightGBM training completed
2026-01-25 22:56:01,340 - utils - INFO - Evaluating LightGBM
2026-01-25 22:56:01,539 - utils - INFO - Saved model to f:\work\uet lahore\first semester\projects\customer-segmentation-project\models\saved\random_forest.pkl
2026-01-25 22:56:01,541 - utils - INFO - Saved model to f:\work\uet lahore\first semester\projects\customer-segmentation-project\models\saved\xgboost.pkl
2026-01-25 22:56:01,559 - utils - INFO - Saved model to f:\work\uet lahore\first semester\projects\customer-segmentation-project\models\saved\lightgbm.pkl
2026-01-25 22:56:01,559 - utils - INFO - Saved advanced models
2026-01-25 22:56:38,305 - utils - INFO - Loading and preprocessing data
2026-01-25 22:56:38,305 - utils - INFO - Starting preprocessing pipeline
2026-01-25 22:56:38,313 - utils - INFO - Loading raw data from f:\work\uet lahore\first semester\projects\customer-segmentation-project\data\raw\customer_data.csv
2026-01-25 22:56:38,313 - utils - INFO - Loading data from f:\work\uet lahore\first semester\projects\customer-segmentation-project\data\raw\customer_data.csv
2026-01-25 22:56:38,341 - utils - INFO - Loaded 10000 rows and 14 columns
2026-01-25 22:56:38,341 - utils - INFO - Handling missing values
2026-01-25 22:56:38,353 - utils - INFO - Missing values found:
login_frequency     202
session_duration    223
support_tickets     186
dtype: int64
2026-01-25 22:56:38,361 - utils - INFO - Imputed login_frequency with median: 7.80
2026-01-25 22:56:38,361 - utils - INFO - Imputed session_duration with median: 24.80
2026-01-25 22:56:38,369 - utils - INFO - Imputed support_tickets with median: 1.00
2026-01-25 22:56:38,377 - utils - INFO - Encoding categorical features
2026-01-25 22:56:38,384 - utils - INFO - Encoded 3 categorical columns
2026-01-25 22:56:38,384 - utils - INFO - Splitting data into train/val/test sets
2026-01-25 22:56:38,424 - utils - INFO - Train set: 6000 samples (60.0%)
2026-01-25 22:56:38,424 - utils - INFO - Validation set: 2000 samples (20.0%)
2026-01-25 22:56:38,424 - utils - INFO - Test set: 2000 samples (20.0%)
2026-01-25 22:56:38,432 - utils - INFO - Train churn rate: 23.00%
2026-01-25 22:56:38,432 - utils - INFO - Val churn rate: 23.00%
2026-01-25 22:56:38,432 - utils - INFO - Test churn rate: 23.00%
2026-01-25 22:56:38,674 - utils - INFO - Saved data to f:\work\uet lahore\first semester\projects\customer-segmentation-project\data\processed\train.csv
2026-01-25 22:56:38,762 - utils - INFO - Saved data to f:\work\uet lahore\first semester\projects\customer-segmentation-project\data\processed\val.csv
2026-01-25 22:56:38,830 - utils - INFO - Saved data to f:\work\uet lahore\first semester\projects\customer-segmentation-project\data\processed\test.csv
2026-01-25 22:56:38,839 - utils - INFO - Saved model to f:\work\uet lahore\first semester\projects\customer-segmentation-project\data\processed\scaler.pkl
2026-01-25 22:56:38,839 - utils - INFO - Saved processed data and scaler
2026-01-25 22:56:38,839 - utils - INFO - Preprocessing pipeline completed
2026-01-25 22:56:38,839 - utils - INFO - Training all baseline models
2026-01-25 22:56:38,842 - utils - INFO - Training Logistic Regression
2026-01-25 22:56:48,373 - utils - INFO - Applying SMOTE for class balancing
2026-01-25 22:56:48,373 - utils - INFO - Before SMOTE - Class distribution: {np.int64(0): np.int64(782), np.int64(1): np.int64(218)}
2026-01-25 22:56:48,380 - utils - INFO - After SMOTE - Class distribution: {np.int64(0): np.int64(782), np.int64(1): np.int64(782)}
2026-01-25 22:56:48,380 - utils - INFO - Computing class weights
2026-01-25 22:56:48,380 - utils - INFO - Class weights: {np.int64(0): np.float64(0.639386189258312), np.int64(1): np.float64(2.293577981651376)}
2026-02-05 20:28:26,395 - utils - INFO - Applying SMOTE for class balancing
2026-02-05 20:28:26,396 - utils - INFO - Before SMOTE - Class distribution: {np.int64(0): np.int64(782), np.int64(1): np.int64(218)}
2026-02-05 20:28:26,413 - utils - INFO - After SMOTE - Class distribution: {np.int64(0): np.int64(782), np.int64(1): np.int64(782)}
2026-02-05 20:28:26,416 - utils - INFO - Computing class weights
2026-02-05 20:28:26,421 - utils - INFO - Class weights: {np.int64(0): np.float64(0.639386189258312), np.int64(1): np.float64(2.293577981651376)}
2026-02-05 20:28:30,454 - utils - INFO - Applying SMOTE for class balancing
2026-02-05 20:28:30,455 - utils - INFO - Before SMOTE - Class distribution: {np.int64(0): np.int64(782), np.int64(1): np.int64(218)}
2026-02-05 20:28:30,459 - utils - INFO - After SMOTE - Class distribution: {np.int64(0): np.int64(782), np.int64(1): np.int64(782)}
2026-02-05 20:28:30,461 - utils - INFO - Computing class weights
2026-02-05 20:28:30,463 - utils - INFO - Class weights: {np.int64(0): np.float64(0.639386189258312), np.int64(1): np.float64(2.293577981651376)}
2026-02-05 20:29:02,095 - utils - INFO - ============================================================
2026-02-05 20:29:02,096 - utils - INFO - STEP 1: DATA GENERATION
2026-02-05 20:29:02,096 - utils - INFO - ============================================================
2026-02-05 20:29:02,097 - utils - INFO - Generating 10000 customer records with 23.0% churn rate
2026-02-05 20:29:02,188 - utils - INFO - Generated dataset shape: (10000, 14)
2026-02-05 20:29:02,194 - utils - INFO - Actual churn rate: 23.00%
2026-02-05 20:29:02,198 - utils - INFO - Missing values: 611
2026-02-05 20:29:02,200 - utils - INFO - 
============================================================
2026-02-05 20:29:02,200 - utils - INFO - STEP 2: EXPLORATORY DATA ANALYSIS
2026-02-05 20:29:02,201 - utils - INFO - ============================================================
2026-02-05 20:29:02,203 - utils - INFO - Starting full EDA pipeline
2026-02-05 20:29:02,203 - utils - INFO - Loading data from f:\work\uet lahore\first semester\projects\customer-segmentation-project\data\raw\customer_data.csv
2026-02-05 20:29:02,204 - utils - INFO - Loading data from f:\work\uet lahore\first semester\projects\customer-segmentation-project\data\raw\customer_data.csv
2026-02-05 20:29:02,278 - utils - INFO - Loaded 10000 rows and 14 columns
2026-02-05 20:29:02,366 - utils - INFO - Analyzing churn distribution
2026-02-05 20:29:04,319 - utils - INFO - Plotting numerical feature distributions
2026-02-05 20:29:06,610 - utils - INFO - Plotting categorical feature distributions
2026-02-05 20:29:07,392 - utils - INFO - Creating correlation heatmap
2026-02-05 20:29:08,132 - utils - INFO - Performing statistical tests
2026-02-05 20:29:08,201 - utils - INFO - EDA completed. Visualizations saved to f:\work\uet lahore\first semester\projects\customer-segmentation-project\outputs\eda
2026-02-05 20:29:08,206 - utils - INFO - 
============================================================
2026-02-05 20:29:08,207 - utils - INFO - STEP 3: DATA PREPROCESSING
2026-02-05 20:29:08,207 - utils - INFO - ============================================================
2026-02-05 20:29:08,209 - utils - INFO - Starting preprocessing pipeline
2026-02-05 20:29:08,210 - utils - INFO - Loading raw data from f:\work\uet lahore\first semester\projects\customer-segmentation-project\data\raw\customer_data.csv
2026-02-05 20:29:08,210 - utils - INFO - Loading data from f:\work\uet lahore\first semester\projects\customer-segmentation-project\data\raw\customer_data.csv
2026-02-05 20:29:08,248 - utils - INFO - Loaded 10000 rows and 14 columns
2026-02-05 20:29:08,249 - utils - INFO - Handling missing values
2026-02-05 20:29:08,254 - utils - INFO - Missing values found:
login_frequency     202
session_duration    223
support_tickets     186
dtype: int64
2026-02-05 20:29:08,257 - utils - INFO - Imputed login_frequency with median: 7.80
2026-02-05 20:29:08,259 - utils - INFO - Imputed session_duration with median: 24.80
2026-02-05 20:29:08,270 - utils - INFO - Imputed support_tickets with median: 1.00
2026-02-05 20:29:08,275 - utils - INFO - Encoding categorical features
2026-02-05 20:29:08,282 - utils - INFO - Encoded 3 categorical columns
2026-02-05 20:29:08,285 - utils - INFO - Splitting data into train/val/test sets
2026-02-05 20:29:08,330 - utils - INFO - Train set: 6000 samples (60.0%)
2026-02-05 20:29:08,331 - utils - INFO - Validation set: 2000 samples (20.0%)
2026-02-05 20:29:08,332 - utils - INFO - Test set: 2000 samples (20.0%)
2026-02-05 20:29:08,333 - utils - INFO - Train churn rate: 23.00%
2026-02-05 20:29:08,333 - utils - INFO - Val churn rate: 23.00%
2026-02-05 20:29:08,334 - utils - INFO - Test churn rate: 23.00%
2026-02-05 20:29:08,559 - utils - INFO - Saved data to f:\work\uet lahore\first semester\projects\customer-segmentation-project\data\processed\train.csv
2026-02-05 20:29:08,614 - utils - INFO - Saved data to f:\work\uet lahore\first semester\projects\customer-segmentation-project\data\processed\val.csv
2026-02-05 20:29:08,674 - utils - INFO - Saved data to f:\work\uet lahore\first semester\projects\customer-segmentation-project\data\processed\test.csv
2026-02-05 20:29:08,677 - utils - INFO - Saved model to f:\work\uet lahore\first semester\projects\customer-segmentation-project\data\processed\scaler.pkl
2026-02-05 20:29:08,677 - utils - INFO - Saved processed data and scaler
2026-02-05 20:29:08,678 - utils - INFO - Preprocessing pipeline completed
2026-02-05 20:29:08,681 - utils - INFO - 
============================================================
2026-02-05 20:29:08,682 - utils - INFO - STEP 4: MODEL TRAINING
2026-02-05 20:29:08,683 - utils - INFO - ============================================================
2026-02-05 20:29:08,684 - utils - INFO - Training all baseline models
2026-02-05 20:29:08,684 - utils - INFO - Training Logistic Regression
2026-02-05 20:29:37,945 - utils - INFO - Loading and preprocessing data
2026-02-05 20:29:37,946 - utils - INFO - Starting preprocessing pipeline
2026-02-05 20:29:37,946 - utils - INFO - Loading raw data from f:\work\uet lahore\first semester\projects\customer-segmentation-project\data\raw\customer_data.csv
2026-02-05 20:29:37,947 - utils - INFO - Loading data from f:\work\uet lahore\first semester\projects\customer-segmentation-project\data\raw\customer_data.csv
2026-02-05 20:29:37,970 - utils - INFO - Loaded 10000 rows and 14 columns
2026-02-05 20:29:37,971 - utils - INFO - Handling missing values
2026-02-05 20:29:37,977 - utils - INFO - Missing values found:
login_frequency     202
session_duration    223
support_tickets     186
dtype: int64
2026-02-05 20:29:37,982 - utils - INFO - Imputed login_frequency with median: 7.80
2026-02-05 20:29:37,986 - utils - INFO - Imputed session_duration with median: 24.80
2026-02-05 20:29:38,060 - utils - INFO - Imputed support_tickets with median: 1.00
2026-02-05 20:29:38,087 - utils - INFO - Encoding categorical features
2026-02-05 20:29:38,107 - utils - INFO - Encoded 3 categorical columns
2026-02-05 20:29:38,118 - utils - INFO - Splitting data into train/val/test sets
2026-02-05 20:29:38,141 - utils - INFO - Train set: 6000 samples (60.0%)
2026-02-05 20:29:38,141 - utils - INFO - Validation set: 2000 samples (20.0%)
2026-02-05 20:29:38,142 - utils - INFO - Test set: 2000 samples (20.0%)
2026-02-05 20:29:38,143 - utils - INFO - Train churn rate: 23.00%
2026-02-05 20:29:38,144 - utils - INFO - Val churn rate: 23.00%
2026-02-05 20:29:38,145 - utils - INFO - Test churn rate: 23.00%
2026-02-05 20:29:38,446 - utils - INFO - Saved data to f:\work\uet lahore\first semester\projects\customer-segmentation-project\data\processed\train.csv
2026-02-05 20:29:38,502 - utils - INFO - Saved data to f:\work\uet lahore\first semester\projects\customer-segmentation-project\data\processed\val.csv
2026-02-05 20:29:38,566 - utils - INFO - Saved data to f:\work\uet lahore\first semester\projects\customer-segmentation-project\data\processed\test.csv
2026-02-05 20:29:38,568 - utils - INFO - Saved model to f:\work\uet lahore\first semester\projects\customer-segmentation-project\data\processed\scaler.pkl
2026-02-05 20:29:38,569 - utils - INFO - Saved processed data and scaler
2026-02-05 20:29:38,569 - utils - INFO - Preprocessing pipeline completed
2026-02-05 20:29:38,570 - utils - INFO - Training Random Forest for interpretation
2026-02-05 20:29:38,571 - utils - INFO - Training Random Forest
2026-02-05 20:29:39,318 - utils - INFO - Random Forest training completed
2026-02-05 20:29:40,230 - utils - INFO - Calculating SHAP values for tree model
2026-02-05 20:29:40,231 - utils - INFO - Sampling 500 instances for SHAP calculation
2026-02-05 20:29:41,802 - utils - INFO - SHAP values calculated successfully
2026-02-05 20:30:18,362 - utils - INFO - Generating 10000 customer records with 23.0% churn rate
2026-02-05 20:30:18,382 - utils - INFO - Generated dataset shape: (10000, 14)
2026-02-05 20:30:18,382 - utils - INFO - Actual churn rate: 23.00%
2026-02-05 20:30:18,385 - utils - INFO - Missing values: 611
2026-02-05 20:30:18,447 - utils - INFO - Saved data to f:\work\uet lahore\first semester\projects\customer-segmentation-project\data\raw\customer_data.csv
2026-02-05 20:30:18,566 - utils - INFO - Data generation completed successfully
2026-02-05 20:30:28,795 - utils - INFO - Optimal threshold: 0.35
2026-02-05 20:30:28,795 - utils - INFO - Minimum cost: 3070.00
2026-02-05 20:30:53,196 - utils - INFO - Generating 1000 customer records with 23.0% churn rate
2026-02-05 20:30:53,202 - utils - INFO - Generated dataset shape: (1000, 14)
2026-02-05 20:30:53,203 - utils - INFO - Actual churn rate: 23.00%
2026-02-05 20:30:53,207 - utils - INFO - Missing values: 51
2026-02-05 20:30:53,208 - utils - INFO - Starting feature engineering pipeline
2026-02-05 20:30:53,210 - utils - INFO - Creating engagement score
2026-02-05 20:30:53,213 - utils - INFO - Creating recency features
2026-02-05 20:30:53,215 - utils - INFO - Creating frequency features
2026-02-05 20:30:53,220 - utils - INFO - Creating interaction features
2026-02-05 20:30:53,222 - utils - INFO - Creating behavioral change features
2026-02-05 20:30:53,226 - utils - INFO - Feature engineering completed. Total features: 25
2026-02-05 20:31:18,615 - utils - INFO - ============================================================
2026-02-05 20:31:18,615 - utils - INFO - STEP 1: DATA GENERATION
2026-02-05 20:31:18,615 - utils - INFO - ============================================================
2026-02-05 20:31:18,616 - utils - INFO - Generating 10000 customer records with 23.0% churn rate
2026-02-05 20:31:18,640 - utils - INFO - Generated dataset shape: (10000, 14)
2026-02-05 20:31:18,641 - utils - INFO - Actual churn rate: 23.00%
2026-02-05 20:31:18,647 - utils - INFO - Missing values: 611
2026-02-05 20:31:18,651 - utils - INFO - 
============================================================
2026-02-05 20:31:18,653 - utils - INFO - STEP 2: EXPLORATORY DATA ANALYSIS
2026-02-05 20:31:18,654 - utils - INFO - ============================================================
2026-02-05 20:31:18,655 - utils - INFO - Starting full EDA pipeline
2026-02-05 20:31:18,656 - utils - INFO - Loading data from f:\work\uet lahore\first semester\projects\customer-segmentation-project\data\raw\customer_data.csv
2026-02-05 20:31:18,657 - utils - INFO - Loading data from f:\work\uet lahore\first semester\projects\customer-segmentation-project\data\raw\customer_data.csv
2026-02-05 20:31:18,714 - utils - INFO - Loaded 10000 rows and 14 columns
2026-02-05 20:31:18,764 - utils - INFO - Analyzing churn distribution
2026-02-05 20:31:19,272 - utils - INFO - Plotting numerical feature distributions
2026-02-05 20:31:21,589 - utils - INFO - Plotting categorical feature distributions
2026-02-05 20:31:22,631 - utils - INFO - Creating correlation heatmap
2026-02-05 20:31:23,611 - utils - INFO - Performing statistical tests
2026-02-05 20:31:23,679 - utils - INFO - EDA completed. Visualizations saved to f:\work\uet lahore\first semester\projects\customer-segmentation-project\outputs\eda
2026-02-05 20:31:23,681 - utils - INFO - 
============================================================
2026-02-05 20:31:23,682 - utils - INFO - STEP 3: DATA PREPROCESSING
2026-02-05 20:31:23,682 - utils - INFO - ============================================================
2026-02-05 20:31:23,684 - utils - INFO - Starting preprocessing pipeline
2026-02-05 20:31:23,685 - utils - INFO - Loading raw data from f:\work\uet lahore\first semester\projects\customer-segmentation-project\data\raw\customer_data.csv
2026-02-05 20:31:23,687 - utils - INFO - Loading data from f:\work\uet lahore\first semester\projects\customer-segmentation-project\data\raw\customer_data.csv
2026-02-05 20:31:23,726 - utils - INFO - Loaded 10000 rows and 14 columns
2026-02-05 20:31:23,727 - utils - INFO - Handling missing values
2026-02-05 20:31:23,731 - utils - INFO - Missing values found:
login_frequency     202
session_duration    223
support_tickets     186
dtype: int64
2026-02-05 20:31:23,738 - utils - INFO - Imputed login_frequency with median: 7.80
2026-02-05 20:31:23,742 - utils - INFO - Imputed session_duration with median: 24.80
2026-02-05 20:31:23,746 - utils - INFO - Imputed support_tickets with median: 1.00
2026-02-05 20:31:23,751 - utils - INFO - Encoding categorical features
2026-02-05 20:31:23,761 - utils - INFO - Encoded 3 categorical columns
2026-02-05 20:31:23,762 - utils - INFO - Splitting data into train/val/test sets
2026-02-05 20:31:23,791 - utils - INFO - Train set: 6000 samples (60.0%)
2026-02-05 20:31:23,791 - utils - INFO - Validation set: 2000 samples (20.0%)
2026-02-05 20:31:23,792 - utils - INFO - Test set: 2000 samples (20.0%)
2026-02-05 20:31:23,792 - utils - INFO - Train churn rate: 23.00%
2026-02-05 20:31:23,793 - utils - INFO - Val churn rate: 23.00%
2026-02-05 20:31:23,793 - utils - INFO - Test churn rate: 23.00%
2026-02-05 20:31:24,082 - utils - INFO - Saved data to f:\work\uet lahore\first semester\projects\customer-segmentation-project\data\processed\train.csv
2026-02-05 20:31:24,172 - utils - INFO - Saved data to f:\work\uet lahore\first semester\projects\customer-segmentation-project\data\processed\val.csv
2026-02-05 20:31:24,262 - utils - INFO - Saved data to f:\work\uet lahore\first semester\projects\customer-segmentation-project\data\processed\test.csv
2026-02-05 20:31:24,264 - utils - INFO - Saved model to f:\work\uet lahore\first semester\projects\customer-segmentation-project\data\processed\scaler.pkl
2026-02-05 20:31:24,264 - utils - INFO - Saved processed data and scaler
2026-02-05 20:31:24,265 - utils - INFO - Preprocessing pipeline completed
2026-02-05 20:31:24,269 - utils - INFO - 
============================================================
2026-02-05 20:31:24,271 - utils - INFO - STEP 4: MODEL TRAINING
2026-02-05 20:31:24,271 - utils - INFO - ============================================================
2026-02-05 20:31:24,273 - utils - INFO - Training all baseline models
2026-02-05 20:31:24,275 - utils - INFO - Training Logistic Regression
2026-02-05 20:31:34,100 - utils - INFO - Generating sample customer data
2026-02-05 20:31:34,101 - utils - INFO - Generating 100 customer records with 23.0% churn rate
2026-02-05 20:31:34,106 - utils - INFO - Generated dataset shape: (100, 14)
2026-02-05 20:31:34,107 - utils - INFO - Actual churn rate: 23.00%
2026-02-05 20:31:34,108 - utils - INFO - Missing values: 8
2026-02-05 20:31:34,109 - utils - INFO - Loading xgboost model
2026-02-05 20:31:34,110 - utils - INFO - Loading model from f:\work\uet lahore\first semester\projects\customer-segmentation-project\models\saved\xgboost.pkl
2026-02-05 20:31:34,527 - utils - INFO - Loading model from f:\work\uet lahore\first semester\projects\customer-segmentation-project\data\processed\scaler.pkl
2026-02-05 20:31:34,646 - utils - INFO - Loaded scaler
2026-02-05 20:31:34,649 - utils - INFO - Making predictions for 100 customers
2026-02-05 20:31:34,650 - utils - INFO - Preprocessing input data
2026-02-05 20:31:34,651 - utils - INFO - Starting feature engineering pipeline
2026-02-05 20:31:34,651 - utils - INFO - Creating engagement score
2026-02-05 20:31:34,654 - utils - INFO - Creating recency features
2026-02-05 20:31:34,656 - utils - INFO - Creating frequency features
2026-02-05 20:31:34,659 - utils - INFO - Creating interaction features
2026-02-05 20:31:34,664 - utils - INFO - Creating behavioral change features
2026-02-05 20:31:34,667 - utils - INFO - Feature engineering completed. Total features: 25
2026-02-05 20:32:32,988 - utils - INFO - Starting full EDA pipeline
2026-02-05 20:32:32,988 - utils - INFO - Loading data from f:\work\uet lahore\first semester\projects\customer-segmentation-project\data\raw\customer_data.csv
2026-02-05 20:32:32,988 - utils - INFO - Loading data from f:\work\uet lahore\first semester\projects\customer-segmentation-project\data\raw\customer_data.csv
2026-02-05 20:32:33,018 - utils - INFO - Loaded 10000 rows and 14 columns
2026-02-05 20:32:33,071 - utils - INFO - Analyzing churn distribution
2026-02-05 20:32:33,547 - utils - INFO - Plotting numerical feature distributions
2026-02-05 20:32:35,555 - utils - INFO - Plotting categorical feature distributions
2026-02-05 20:32:36,226 - utils - INFO - Creating correlation heatmap
2026-02-05 20:32:36,822 - utils - INFO - Performing statistical tests
2026-02-05 20:32:36,869 - utils - INFO - EDA completed. Visualizations saved to f:\work\uet lahore\first semester\projects\customer-segmentation-project\outputs\eda
2026-02-05 20:45:28,027 - werkzeug - INFO - [31m[1mWARNING: This is a development server. Do not use it in a production deployment. Use a production WSGI server instead.[0m
 * Running on all addresses (0.0.0.0)
 * Running on http://127.0.0.1:5000
 * Running on http://192.168.100.14:5000
2026-02-05 20:45:28,028 - werkzeug - INFO - [33mPress CTRL+C to quit[0m
2026-02-05 20:45:28,031 - werkzeug - INFO -  * Restarting with stat
2026-02-05 20:45:30,864 - werkzeug - WARNING -  * Debugger is active!
2026-02-05 20:45:30,870 - werkzeug - INFO -  * Debugger PIN: 105-297-698
2026-02-05 20:47:05,475 - werkzeug - INFO - 127.0.0.1 - - [05/Feb/2026 20:47:05] "GET / HTTP/1.1" 200 -
2026-02-05 20:47:05,602 - werkzeug - INFO - 127.0.0.1 - - [05/Feb/2026 20:47:05] "[36mGET / HTTP/1.1[0m" 304 -
2026-02-05 20:47:05,952 - werkzeug - INFO - 127.0.0.1 - - [05/Feb/2026 20:47:05] "GET /css/styles.css HTTP/1.1" 200 -
2026-02-05 20:47:05,953 - werkzeug - INFO - 127.0.0.1 - - [05/Feb/2026 20:47:05] "GET /js/app.js HTTP/1.1" 200 -
2026-02-05 20:47:06,267 - werkzeug - INFO - 127.0.0.1 - - [05/Feb/2026 20:47:06] "[36mGET /css/styles.css HTTP/1.1[0m" 304 -
2026-02-05 20:47:06,270 - werkzeug - INFO - 127.0.0.1 - - [05/Feb/2026 20:47:06] "[36mGET /js/app.js HTTP/1.1[0m" 304 -
2026-02-05 20:47:06,942 - werkzeug - INFO - 127.0.0.1 - - [05/Feb/2026 20:47:06] "GET /api/models HTTP/1.1" 200 -
2026-02-05 20:47:07,194 - werkzeug - INFO - 127.0.0.1 - - [05/Feb/2026 20:47:07] "GET /api/models HTTP/1.1" 200 -
2026-02-05 20:47:07,263 - werkzeug - INFO - 127.0.0.1 - - [05/Feb/2026 20:47:07] "[33mGET /favicon.ico HTTP/1.1[0m" 404 -
2026-02-05 20:47:07,446 - werkzeug - INFO - 127.0.0.1 - - [05/Feb/2026 20:47:07] "GET /api/model-comparison HTTP/1.1" 200 -
2026-02-05 20:47:08,029 - werkzeug - INFO - 127.0.0.1 - - [05/Feb/2026 20:47:08] "GET /api/model-comparison HTTP/1.1" 200 -
2026-02-05 20:48:41,993 - utils - INFO - Generating 100 sample customers
2026-02-05 20:48:42,005 - utils - INFO - Generating 100 customer records with 23.0% churn rate
2026-02-05 20:48:42,031 - utils - INFO - Generated dataset shape: (100, 14)
2026-02-05 20:48:42,031 - utils - INFO - Actual churn rate: 23.00%
2026-02-05 20:48:42,038 - utils - INFO - Missing values: 3
2026-02-05 20:48:42,068 - werkzeug - INFO - 127.0.0.1 - - [05/Feb/2026 20:48:42] "POST /api/generate-sample HTTP/1.1" 200 -
2026-02-05 20:48:45,841 - utils - INFO - Generating 100 sample customers
2026-02-05 20:48:45,843 - utils - INFO - Generating 100 customer records with 23.0% churn rate
2026-02-05 20:48:45,846 - utils - INFO - Generated dataset shape: (100, 14)
2026-02-05 20:48:45,846 - utils - INFO - Actual churn rate: 23.00%
2026-02-05 20:48:45,850 - utils - INFO - Missing values: 4
2026-02-05 20:48:45,861 - werkzeug - INFO - 127.0.0.1 - - [05/Feb/2026 20:48:45] "POST /api/generate-sample HTTP/1.1" 200 -
2026-02-05 20:50:14,607 - werkzeug - INFO - 127.0.0.1 - - [05/Feb/2026 20:50:14] "[36mGET / HTTP/1.1[0m" 304 -
2026-02-05 20:50:15,087 - werkzeug - INFO - 127.0.0.1 - - [05/Feb/2026 20:50:15] "[36mGET /css/styles.css HTTP/1.1[0m" 304 -
2026-02-05 20:50:16,566 - werkzeug - INFO - 127.0.0.1 - - [05/Feb/2026 20:50:16] "[36mGET /js/app.js HTTP/1.1[0m" 304 -
2026-02-05 20:50:17,159 - werkzeug - INFO - 127.0.0.1 - - [05/Feb/2026 20:50:17] "GET /api/models HTTP/1.1" 200 -
2026-02-05 20:50:17,420 - werkzeug - INFO - 127.0.0.1 - - [05/Feb/2026 20:50:17] "GET /api/model-comparison HTTP/1.1" 200 -
2026-02-05 20:50:22,615 - utils - INFO - Generating 100 sample customers
2026-02-05 20:50:22,616 - utils - INFO - Generating 100 customer records with 23.0% churn rate
2026-02-05 20:50:22,624 - utils - INFO - Generated dataset shape: (100, 14)
2026-02-05 20:50:22,625 - utils - INFO - Actual churn rate: 23.00%
2026-02-05 20:50:22,627 - utils - INFO - Missing values: 3
2026-02-05 20:50:22,635 - werkzeug - INFO - 127.0.0.1 - - [05/Feb/2026 20:50:22] "POST /api/generate-sample HTTP/1.1" 200 -
2026-02-05 20:50:23,814 - utils - INFO - Generating 100 sample customers
2026-02-05 20:50:23,817 - utils - INFO - Generating 100 customer records with 23.0% churn rate
2026-02-05 20:50:23,840 - utils - INFO - Generated dataset shape: (100, 14)
2026-02-05 20:50:23,844 - utils - INFO - Actual churn rate: 23.00%
2026-02-05 20:50:23,848 - utils - INFO - Missing values: 3
2026-02-05 20:50:23,879 - werkzeug - INFO - 127.0.0.1 - - [05/Feb/2026 20:50:23] "POST /api/generate-sample HTTP/1.1" 200 -
2026-02-05 20:50:25,218 - utils - INFO - Generating 100 sample customers
2026-02-05 20:50:25,221 - utils - INFO - Generating 100 customer records with 23.0% churn rate
2026-02-05 20:50:25,229 - utils - INFO - Generated dataset shape: (100, 14)
2026-02-05 20:50:25,230 - utils - INFO - Actual churn rate: 23.00%
2026-02-05 20:50:25,231 - utils - INFO - Missing values: 5
2026-02-05 20:50:25,236 - werkzeug - INFO - 127.0.0.1 - - [05/Feb/2026 20:50:25] "POST /api/generate-sample HTTP/1.1" 200 -
2026-02-05 20:51:53,428 - werkzeug - INFO - 127.0.0.1 - - [05/Feb/2026 20:51:53] "[36mGET / HTTP/1.1[0m" 304 -
2026-02-05 20:51:53,469 - werkzeug - INFO - 127.0.0.1 - - [05/Feb/2026 20:51:53] "[36mGET /css/styles.css HTTP/1.1[0m" 304 -
2026-02-05 20:51:53,690 - werkzeug - INFO - 127.0.0.1 - - [05/Feb/2026 20:51:53] "GET /js/app.js HTTP/1.1" 200 -
2026-02-05 20:51:54,276 - werkzeug - INFO - 127.0.0.1 - - [05/Feb/2026 20:51:54] "GET /api/models HTTP/1.1" 200 -
2026-02-05 20:51:54,561 - werkzeug - INFO - 127.0.0.1 - - [05/Feb/2026 20:51:54] "GET /api/model-comparison HTTP/1.1" 200 -
2026-02-05 20:52:01,250 - utils - INFO - Generating 100 sample customers
2026-02-05 20:52:01,252 - utils - INFO - Generating 100 customer records with 23.0% churn rate
2026-02-05 20:52:01,256 - utils - INFO - Generated dataset shape: (100, 14)
2026-02-05 20:52:01,256 - utils - INFO - Actual churn rate: 23.00%
2026-02-05 20:52:01,257 - utils - INFO - Missing values: 4
2026-02-05 20:52:01,264 - werkzeug - INFO - 127.0.0.1 - - [05/Feb/2026 20:52:01] "POST /api/generate-sample HTTP/1.1" 200 -
2026-02-05 20:52:02,775 - utils - INFO - Generating 100 sample customers
2026-02-05 20:52:02,776 - utils - INFO - Generating 100 customer records with 23.0% churn rate
2026-02-05 20:52:02,785 - utils - INFO - Generated dataset shape: (100, 14)
2026-02-05 20:52:02,786 - utils - INFO - Actual churn rate: 23.00%
2026-02-05 20:52:02,789 - utils - INFO - Missing values: 5
2026-02-05 20:52:02,801 - werkzeug - INFO - 127.0.0.1 - - [05/Feb/2026 20:52:02] "POST /api/generate-sample HTTP/1.1" 200 -
2026-02-05 20:52:03,762 - utils - INFO - Generating 100 sample customers
2026-02-05 20:52:03,765 - utils - INFO - Generating 100 customer records with 23.0% churn rate
2026-02-05 20:52:03,770 - utils - INFO - Generated dataset shape: (100, 14)
2026-02-05 20:52:03,770 - utils - INFO - Actual churn rate: 23.00%
2026-02-05 20:52:03,771 - utils - INFO - Missing values: 4
2026-02-05 20:52:03,780 - werkzeug - INFO - 127.0.0.1 - - [05/Feb/2026 20:52:03] "POST /api/generate-sample HTTP/1.1" 200 -
2026-02-05 20:52:06,051 - utils - INFO - Generating 100 sample customers
2026-02-05 20:52:06,053 - utils - INFO - Generating 100 customer records with 23.0% churn rate
2026-02-05 20:52:06,072 - utils - INFO - Generated dataset shape: (100, 14)
2026-02-05 20:52:06,073 - utils - INFO - Actual churn rate: 23.00%
2026-02-05 20:52:06,073 - utils - INFO - Missing values: 4
2026-02-05 20:52:06,090 - werkzeug - INFO - 127.0.0.1 - - [05/Feb/2026 20:52:06] "POST /api/generate-sample HTTP/1.1" 200 -
2026-02-05 20:52:26,566 - werkzeug - INFO - 127.0.0.1 - - [05/Feb/2026 20:52:26] "GET / HTTP/1.1" 200 -
2026-02-05 20:52:26,990 - werkzeug - INFO - 127.0.0.1 - - [05/Feb/2026 20:52:26] "GET /css/styles.css HTTP/1.1" 200 -
2026-02-05 20:52:27,018 - werkzeug - INFO - 127.0.0.1 - - [05/Feb/2026 20:52:27] "GET /js/app.js HTTP/1.1" 200 -
2026-02-05 20:52:27,411 - werkzeug - INFO - 127.0.0.1 - - [05/Feb/2026 20:52:27] "GET /api/models HTTP/1.1" 200 -
2026-02-05 20:52:27,652 - werkzeug - INFO - 127.0.0.1 - - [05/Feb/2026 20:52:27] "[33mGET /favicon.ico HTTP/1.1[0m" 404 -
2026-02-05 20:52:27,791 - werkzeug - INFO - 127.0.0.1 - - [05/Feb/2026 20:52:27] "GET /api/model-comparison HTTP/1.1" 200 -
2026-02-05 20:52:34,538 - utils - INFO - Generating 100 sample customers
2026-02-05 20:52:34,539 - utils - INFO - Generating 100 customer records with 23.0% churn rate
2026-02-05 20:52:34,549 - utils - INFO - Generated dataset shape: (100, 14)
2026-02-05 20:52:34,550 - utils - INFO - Actual churn rate: 23.00%
2026-02-05 20:52:34,552 - utils - INFO - Missing values: 4
2026-02-05 20:52:34,558 - werkzeug - INFO - 127.0.0.1 - - [05/Feb/2026 20:52:34] "POST /api/generate-sample HTTP/1.1" 200 -
2026-02-05 20:52:35,884 - utils - INFO - Generating 100 sample customers
2026-02-05 20:52:35,888 - utils - INFO - Generating 100 customer records with 23.0% churn rate
2026-02-05 20:52:35,904 - utils - INFO - Generated dataset shape: (100, 14)
2026-02-05 20:52:35,905 - utils - INFO - Actual churn rate: 23.00%
2026-02-05 20:52:35,913 - utils - INFO - Missing values: 4
2026-02-05 20:52:35,979 - werkzeug - INFO - 127.0.0.1 - - [05/Feb/2026 20:52:35] "POST /api/generate-sample HTTP/1.1" 200 -
2026-02-05 20:52:39,171 - werkzeug - INFO - 127.0.0.1 - - [05/Feb/2026 20:52:39] "GET / HTTP/1.1" 200 -
2026-02-05 20:52:39,486 - werkzeug - INFO - 127.0.0.1 - - [05/Feb/2026 20:52:39] "GET /css/styles.css HTTP/1.1" 200 -
2026-02-05 20:52:39,587 - werkzeug - INFO - 127.0.0.1 - - [05/Feb/2026 20:52:39] "GET /js/app.js HTTP/1.1" 200 -
2026-02-05 20:52:39,944 - werkzeug - INFO - 127.0.0.1 - - [05/Feb/2026 20:52:39] "GET /api/models HTTP/1.1" 200 -
2026-02-05 20:52:40,195 - werkzeug - INFO - 127.0.0.1 - - [05/Feb/2026 20:52:40] "[33mGET /favicon.ico HTTP/1.1[0m" 404 -
2026-02-05 20:52:40,247 - werkzeug - INFO - 127.0.0.1 - - [05/Feb/2026 20:52:40] "GET /api/model-comparison HTTP/1.1" 200 -
2026-02-05 20:52:42,687 - utils - INFO - Generating 100 sample customers
2026-02-05 20:52:42,690 - utils - INFO - Generating 100 customer records with 23.0% churn rate
2026-02-05 20:52:42,696 - utils - INFO - Generated dataset shape: (100, 14)
2026-02-05 20:52:42,696 - utils - INFO - Actual churn rate: 23.00%
2026-02-05 20:52:42,697 - utils - INFO - Missing values: 4
2026-02-05 20:52:42,708 - werkzeug - INFO - 127.0.0.1 - - [05/Feb/2026 20:52:42] "POST /api/generate-sample HTTP/1.1" 200 -
2026-02-05 20:52:43,995 - utils - INFO - Generating 100 sample customers
2026-02-05 20:52:44,045 - utils - INFO - Generating 100 customer records with 23.0% churn rate
2026-02-05 20:52:44,062 - utils - INFO - Generated dataset shape: (100, 14)
2026-02-05 20:52:44,064 - utils - INFO - Actual churn rate: 23.00%
2026-02-05 20:52:44,067 - utils - INFO - Missing values: 5
2026-02-05 20:52:44,113 - werkzeug - INFO - 127.0.0.1 - - [05/Feb/2026 20:52:44] "POST /api/generate-sample HTTP/1.1" 200 -
2026-02-05 20:52:44,991 - utils - INFO - Generating 100 sample customers
2026-02-05 20:52:44,994 - utils - INFO - Generating 100 customer records with 23.0% churn rate
2026-02-05 20:52:45,000 - utils - INFO - Generated dataset shape: (100, 14)
2026-02-05 20:52:45,001 - utils - INFO - Actual churn rate: 23.00%
2026-02-05 20:52:45,004 - utils - INFO - Missing values: 5
2026-02-05 20:52:45,021 - werkzeug - INFO - 127.0.0.1 - - [05/Feb/2026 20:52:45] "POST /api/generate-sample HTTP/1.1" 200 -
2026-02-05 20:53:26,782 - werkzeug - INFO - 127.0.0.1 - - [05/Feb/2026 20:53:26] "GET / HTTP/1.1" 200 -
2026-02-05 20:53:26,837 - werkzeug - INFO - 127.0.0.1 - - [05/Feb/2026 20:53:26] "GET /css/styles.css HTTP/1.1" 200 -
2026-02-05 20:53:27,046 - werkzeug - INFO - 127.0.0.1 - - [05/Feb/2026 20:53:27] "GET /js/app.js HTTP/1.1" 200 -
2026-02-05 20:53:29,091 - werkzeug - INFO - 127.0.0.1 - - [05/Feb/2026 20:53:29] "GET /api/models HTTP/1.1" 200 -
2026-02-05 20:53:29,709 - werkzeug - INFO - 127.0.0.1 - - [05/Feb/2026 20:53:29] "GET /api/model-comparison HTTP/1.1" 200 -
2026-02-05 20:53:30,023 - werkzeug - INFO - 127.0.0.1 - - [05/Feb/2026 20:53:30] "[33mGET /favicon.ico HTTP/1.1[0m" 404 -
2026-02-05 20:53:38,344 - utils - INFO - Generating 100 sample customers
2026-02-05 20:53:38,346 - utils - INFO - Generating 100 customer records with 23.0% churn rate
2026-02-05 20:53:38,362 - utils - INFO - Generated dataset shape: (100, 14)
2026-02-05 20:53:38,363 - utils - INFO - Actual churn rate: 23.00%
2026-02-05 20:53:38,365 - utils - INFO - Missing values: 6
2026-02-05 20:53:38,415 - werkzeug - INFO - 127.0.0.1 - - [05/Feb/2026 20:53:38] "POST /api/generate-sample HTTP/1.1" 200 -
2026-02-05 20:53:39,616 - utils - INFO - Generating 100 sample customers
2026-02-05 20:53:39,618 - utils - INFO - Generating 100 customer records with 23.0% churn rate
2026-02-05 20:53:39,628 - utils - INFO - Generated dataset shape: (100, 14)
2026-02-05 20:53:39,628 - utils - INFO - Actual churn rate: 23.00%
2026-02-05 20:53:39,629 - utils - INFO - Missing values: 5
2026-02-05 20:53:39,640 - werkzeug - INFO - 127.0.0.1 - - [05/Feb/2026 20:53:39] "POST /api/generate-sample HTTP/1.1" 200 -
2026-02-05 20:53:52,836 - utils - INFO - Generating 100 sample customers
2026-02-05 20:53:52,838 - utils - INFO - Generating 100 customer records with 23.0% churn rate
2026-02-05 20:53:52,850 - utils - INFO - Generated dataset shape: (100, 14)
2026-02-05 20:53:52,851 - utils - INFO - Actual churn rate: 23.00%
2026-02-05 20:53:52,855 - utils - INFO - Missing values: 5
2026-02-05 20:53:52,885 - werkzeug - INFO - 127.0.0.1 - - [05/Feb/2026 20:53:52] "POST /api/generate-sample HTTP/1.1" 200 -
2026-02-05 20:57:51,492 - utils - INFO - Generating 100 sample customers
2026-02-05 20:57:51,502 - utils - INFO - Generating 100 customer records with 23.0% churn rate
2026-02-05 20:57:51,521 - utils - INFO - Generated dataset shape: (100, 14)
2026-02-05 20:57:51,522 - utils - INFO - Actual churn rate: 23.00%
2026-02-05 20:57:51,526 - utils - INFO - Missing values: 5
2026-02-05 20:57:51,569 - werkzeug - INFO - 127.0.0.1 - - [05/Feb/2026 20:57:51] "POST /api/generate-sample HTTP/1.1" 200 -
2026-02-05 20:58:05,117 - werkzeug - INFO - 127.0.0.1 - - [05/Feb/2026 20:58:05] "[31m[1mPOST /api/predict HTTP/1.1[0m" 400 -
2026-02-05 20:58:12,904 - werkzeug - INFO - 127.0.0.1 - - [05/Feb/2026 20:58:12] "[31m[1mPOST /api/predict HTTP/1.1[0m" 400 -
2026-02-05 20:58:21,104 - utils - INFO - Generating 100 sample customers
2026-02-05 20:58:21,106 - utils - INFO - Generating 100 customer records with 23.0% churn rate
2026-02-05 20:58:21,111 - utils - INFO - Generated dataset shape: (100, 14)
2026-02-05 20:58:21,111 - utils - INFO - Actual churn rate: 23.00%
2026-02-05 20:58:21,112 - utils - INFO - Missing values: 5
2026-02-05 20:58:21,122 - werkzeug - INFO - 127.0.0.1 - - [05/Feb/2026 20:58:21] "POST /api/generate-sample HTTP/1.1" 200 -
2026-02-05 20:58:34,478 - werkzeug - INFO - 127.0.0.1 - - [05/Feb/2026 20:58:34] "[31m[1mPOST /api/predict HTTP/1.1[0m" 400 -
2026-02-05 20:59:28,241 - werkzeug - INFO - 127.0.0.1 - - [05/Feb/2026 20:59:28] "[31m[1mPOST /api/predict HTTP/1.1[0m" 400 -
2026-02-05 20:59:31,229 - werkzeug - INFO - 127.0.0.1 - - [05/Feb/2026 20:59:31] "[31m[1mPOST /api/predict HTTP/1.1[0m" 400 -
2026-02-05 21:00:17,742 - utils - INFO - Generating 100 sample customers
2026-02-05 21:00:17,745 - utils - INFO - Generating 100 customer records with 23.0% churn rate
2026-02-05 21:00:17,752 - utils - INFO - Generated dataset shape: (100, 14)
2026-02-05 21:00:17,752 - utils - INFO - Actual churn rate: 23.00%
2026-02-05 21:00:17,753 - utils - INFO - Missing values: 2
2026-02-05 21:00:17,763 - werkzeug - INFO - 127.0.0.1 - - [05/Feb/2026 21:00:17] "POST /api/generate-sample HTTP/1.1" 200 -
2026-02-05 21:00:19,265 - utils - INFO - Generating 100 sample customers
2026-02-05 21:00:19,269 - utils - INFO - Generating 100 customer records with 23.0% churn rate
2026-02-05 21:00:19,284 - utils - INFO - Generated dataset shape: (100, 14)
2026-02-05 21:00:19,286 - utils - INFO - Actual churn rate: 23.00%
2026-02-05 21:00:19,288 - utils - INFO - Missing values: 5
2026-02-05 21:00:19,315 - werkzeug - INFO - 127.0.0.1 - - [05/Feb/2026 21:00:19] "POST /api/generate-sample HTTP/1.1" 200 -
2026-02-05 21:00:22,895 - werkzeug - INFO - 127.0.0.1 - - [05/Feb/2026 21:00:22] "[31m[1mPOST /api/predict HTTP/1.1[0m" 400 -
2026-02-05 21:04:45,658 - werkzeug - INFO - 127.0.0.1 - - [05/Feb/2026 21:04:45] "GET / HTTP/1.1" 200 -
2026-02-05 21:04:45,711 - werkzeug - INFO - 127.0.0.1 - - [05/Feb/2026 21:04:45] "GET /css/styles.css HTTP/1.1" 200 -
2026-02-05 21:04:45,919 - werkzeug - INFO - 127.0.0.1 - - [05/Feb/2026 21:04:45] "GET /js/app.js HTTP/1.1" 200 -
2026-02-05 21:04:46,887 - werkzeug - INFO - 127.0.0.1 - - [05/Feb/2026 21:04:46] "GET /api/models HTTP/1.1" 200 -
2026-02-05 21:04:47,338 - werkzeug - INFO - 127.0.0.1 - - [05/Feb/2026 21:04:47] "GET /api/model-comparison HTTP/1.1" 200 -
2026-02-05 21:04:47,855 - werkzeug - INFO - 127.0.0.1 - - [05/Feb/2026 21:04:47] "[33mGET /favicon.ico HTTP/1.1[0m" 404 -
2026-02-05 21:05:30,140 - werkzeug - INFO - 127.0.0.1 - - [05/Feb/2026 21:05:30] "[31m[1mPOST /api/predict HTTP/1.1[0m" 400 -
2026-02-05 21:05:43,772 - werkzeug - INFO - 127.0.0.1 - - [05/Feb/2026 21:05:43] "[31m[1mPOST /api/predict HTTP/1.1[0m" 400 -
2026-02-05 21:08:16,606 - utils - INFO - Making predictions using logistic_regression
2026-02-05 21:08:16,608 - utils - INFO - Loading logistic_regression model
2026-02-05 21:08:16,608 - utils - INFO - Loading model from F:\work\uet lahore\first semester\projects\customer-segmentation-project\models\saved\logistic_regression.pkl
2026-02-05 21:08:20,457 - utils - INFO - Loading model from F:\work\uet lahore\first semester\projects\customer-segmentation-project\data\processed\scaler.pkl
2026-02-05 21:08:20,511 - utils - INFO - Loaded scaler
2026-02-05 21:08:20,512 - utils - INFO - Making predictions for 10 customers
2026-02-05 21:08:20,512 - utils - INFO - Preprocessing input data
2026-02-05 21:08:20,513 - utils - INFO - Starting feature engineering pipeline
2026-02-05 21:08:20,513 - utils - INFO - Creating engagement score
2026-02-05 21:08:20,514 - utils - ERROR - Error making predictions: 'login_frequency'
2026-02-05 21:08:20,517 - werkzeug - INFO - 127.0.0.1 - - [05/Feb/2026 21:08:20] "[35m[1mPOST /api/predict HTTP/1.1[0m" 500 -
2026-02-05 21:09:21,922 - werkzeug - INFO - 127.0.0.1 - - [05/Feb/2026 21:09:21] "GET / HTTP/1.1" 200 -
2026-02-05 21:09:21,985 - werkzeug - INFO - 127.0.0.1 - - [05/Feb/2026 21:09:21] "GET /css/styles.css HTTP/1.1" 200 -
2026-02-05 21:09:22,176 - werkzeug - INFO - 127.0.0.1 - - [05/Feb/2026 21:09:22] "GET /js/app.js HTTP/1.1" 200 -
2026-02-05 21:09:23,269 - werkzeug - INFO - 127.0.0.1 - - [05/Feb/2026 21:09:23] "GET /api/models HTTP/1.1" 200 -
2026-02-05 21:09:23,480 - werkzeug - INFO - 127.0.0.1 - - [05/Feb/2026 21:09:23] "GET /api/model-comparison HTTP/1.1" 200 -
2026-02-05 21:09:23,851 - werkzeug - INFO - 127.0.0.1 - - [05/Feb/2026 21:09:23] "[33mGET /favicon.ico HTTP/1.1[0m" 404 -
2026-02-05 21:09:41,095 - werkzeug - INFO - 127.0.0.1 - - [05/Feb/2026 21:09:41] "[31m[1mPOST /api/predict HTTP/1.1[0m" 400 -
2026-02-05 21:09:51,826 - werkzeug - INFO - 127.0.0.1 - - [05/Feb/2026 21:09:51] "[31m[1mPOST /api/predict HTTP/1.1[0m" 400 -
2026-02-05 21:10:37,161 - werkzeug - INFO -  * Detected change in 'F:\\work\\uet lahore\\first semester\\projects\\customer-segmentation-project\\web\\app.py', reloading
2026-02-05 21:10:37,745 - werkzeug - INFO -  * Restarting with stat
2026-02-05 21:10:41,178 - werkzeug - WARNING -  * Debugger is active!
2026-02-05 21:10:41,183 - werkzeug - INFO -  * Debugger PIN: 105-297-698
2026-02-05 21:12:03,959 - werkzeug - INFO - 127.0.0.1 - - [05/Feb/2026 21:12:03] "GET / HTTP/1.1" 200 -
2026-02-05 21:12:04,018 - werkzeug - INFO - 127.0.0.1 - - [05/Feb/2026 21:12:04] "GET /css/styles.css HTTP/1.1" 200 -
2026-02-05 21:12:04,021 - werkzeug - INFO - 127.0.0.1 - - [05/Feb/2026 21:12:04] "GET /js/app.js HTTP/1.1" 200 -
2026-02-05 21:12:04,589 - werkzeug - INFO - 127.0.0.1 - - [05/Feb/2026 21:12:04] "GET /api/models HTTP/1.1" 200 -
2026-02-05 21:12:04,780 - werkzeug - INFO - 127.0.0.1 - - [05/Feb/2026 21:12:04] "[33mGET /favicon.ico HTTP/1.1[0m" 404 -
2026-02-05 21:12:04,828 - werkzeug - INFO - 127.0.0.1 - - [05/Feb/2026 21:12:04] "GET /api/model-comparison HTTP/1.1" 200 -
2026-02-05 21:12:18,072 - utils - INFO - Making predictions using decision_tree
2026-02-05 21:12:18,073 - utils - INFO - Loading decision_tree model
2026-02-05 21:12:18,074 - utils - INFO - Loading model from F:\work\uet lahore\first semester\projects\customer-segmentation-project\models\saved\decision_tree.pkl
2026-02-05 21:12:20,059 - utils - INFO - Loading model from F:\work\uet lahore\first semester\projects\customer-segmentation-project\data\processed\scaler.pkl
2026-02-05 21:12:20,062 - utils - INFO - Loaded scaler
2026-02-05 21:12:20,062 - utils - INFO - Making predictions for 10 customers
2026-02-05 21:12:20,062 - utils - INFO - Preprocessing input data
2026-02-05 21:12:20,063 - utils - INFO - Starting feature engineering pipeline
2026-02-05 21:12:20,063 - utils - INFO - Creating engagement score
2026-02-05 21:12:20,066 - utils - INFO - Creating recency features
2026-02-05 21:12:20,067 - utils - INFO - Creating frequency features
2026-02-05 21:12:20,071 - utils - INFO - Creating interaction features
2026-02-05 21:12:20,076 - utils - INFO - Creating behavioral change features
2026-02-05 21:12:20,086 - utils - INFO - Feature engineering completed. Total features: 24
2026-02-05 21:12:20,113 - utils - ERROR - Error making predictions: The feature names should match those that were passed during fit.
Feature names unseen at fit time:
- at_risk_indicator
- declining_usage
- engagement_score
- engagement_tenure_interaction
- is_recently_active
- ...

2026-02-05 21:12:20,116 - werkzeug - INFO - 127.0.0.1 - - [05/Feb/2026 21:12:20] "[35m[1mPOST /api/predict HTTP/1.1[0m" 500 -
2026-02-05 21:12:50,191 - werkzeug - INFO - 127.0.0.1 - - [05/Feb/2026 21:12:50] "GET / HTTP/1.1" 200 -
2026-02-05 21:12:50,225 - werkzeug - INFO - 127.0.0.1 - - [05/Feb/2026 21:12:50] "GET /css/styles.css HTTP/1.1" 200 -
2026-02-05 21:12:50,430 - werkzeug - INFO - 127.0.0.1 - - [05/Feb/2026 21:12:50] "GET /js/app.js HTTP/1.1" 200 -
2026-02-05 21:12:51,086 - werkzeug - INFO - 127.0.0.1 - - [05/Feb/2026 21:12:51] "GET /api/models HTTP/1.1" 200 -
2026-02-05 21:12:51,257 - werkzeug - INFO - 127.0.0.1 - - [05/Feb/2026 21:12:51] "[33mGET /favicon.ico HTTP/1.1[0m" 404 -
2026-02-05 21:12:51,478 - werkzeug - INFO - 127.0.0.1 - - [05/Feb/2026 21:12:51] "GET /api/model-comparison HTTP/1.1" 200 -
2026-02-05 21:13:03,903 - utils - INFO - Making predictions using logistic_regression
2026-02-05 21:13:03,905 - utils - INFO - Loading logistic_regression model
2026-02-05 21:13:03,905 - utils - INFO - Loading model from F:\work\uet lahore\first semester\projects\customer-segmentation-project\models\saved\logistic_regression.pkl
2026-02-05 21:13:03,910 - utils - INFO - Loading model from F:\work\uet lahore\first semester\projects\customer-segmentation-project\data\processed\scaler.pkl
2026-02-05 21:13:03,913 - utils - INFO - Loaded scaler
2026-02-05 21:13:03,914 - utils - INFO - Making predictions for 10 customers
2026-02-05 21:13:03,916 - utils - INFO - Preprocessing input data
2026-02-05 21:13:03,916 - utils - INFO - Starting feature engineering pipeline
2026-02-05 21:13:03,917 - utils - INFO - Creating engagement score
2026-02-05 21:13:03,921 - utils - INFO - Creating recency features
2026-02-05 21:13:03,927 - utils - INFO - Creating frequency features
2026-02-05 21:13:03,933 - utils - INFO - Creating interaction features
2026-02-05 21:13:03,936 - utils - INFO - Creating behavioral change features
2026-02-05 21:13:03,944 - utils - INFO - Feature engineering completed. Total features: 24
2026-02-05 21:13:03,964 - utils - ERROR - Error making predictions: The feature names should match those that were passed during fit.
Feature names unseen at fit time:
- at_risk_indicator
- declining_usage
- engagement_score
- engagement_tenure_interaction
- is_recently_active
- ...

2026-02-05 21:13:03,966 - werkzeug - INFO - 127.0.0.1 - - [05/Feb/2026 21:13:03] "[35m[1mPOST /api/predict HTTP/1.1[0m" 500 -
2026-02-05 21:13:08,285 - utils - INFO - Making predictions using logistic_regression
2026-02-05 21:13:08,286 - utils - INFO - Loading logistic_regression model
2026-02-05 21:13:08,287 - utils - INFO - Loading model from F:\work\uet lahore\first semester\projects\customer-segmentation-project\models\saved\logistic_regression.pkl
2026-02-05 21:13:08,289 - utils - INFO - Loading model from F:\work\uet lahore\first semester\projects\customer-segmentation-project\data\processed\scaler.pkl
2026-02-05 21:13:08,291 - utils - INFO - Loaded scaler
2026-02-05 21:13:08,292 - utils - INFO - Making predictions for 10 customers
2026-02-05 21:13:08,294 - utils - INFO - Preprocessing input data
2026-02-05 21:13:08,294 - utils - INFO - Starting feature engineering pipeline
2026-02-05 21:13:08,295 - utils - INFO - Creating engagement score
2026-02-05 21:13:08,297 - utils - INFO - Creating recency features
2026-02-05 21:13:08,298 - utils - INFO - Creating frequency features
2026-02-05 21:13:08,299 - utils - INFO - Creating interaction features
2026-02-05 21:13:08,300 - utils - INFO - Creating behavioral change features
2026-02-05 21:13:08,302 - utils - INFO - Feature engineering completed. Total features: 24
2026-02-05 21:13:08,310 - utils - ERROR - Error making predictions: The feature names should match those that were passed during fit.
Feature names unseen at fit time:
- at_risk_indicator
- declining_usage
- engagement_score
- engagement_tenure_interaction
- is_recently_active
- ...

2026-02-05 21:13:08,311 - werkzeug - INFO - 127.0.0.1 - - [05/Feb/2026 21:13:08] "[35m[1mPOST /api/predict HTTP/1.1[0m" 500 -
2026-02-05 21:13:12,657 - utils - INFO - Making predictions using logistic_regression
2026-02-05 21:13:12,659 - utils - INFO - Loading logistic_regression model
2026-02-05 21:13:12,660 - utils - INFO - Loading model from F:\work\uet lahore\first semester\projects\customer-segmentation-project\models\saved\logistic_regression.pkl
2026-02-05 21:13:12,663 - utils - INFO - Loading model from F:\work\uet lahore\first semester\projects\customer-segmentation-project\data\processed\scaler.pkl
2026-02-05 21:13:12,665 - utils - INFO - Loaded scaler
2026-02-05 21:13:12,665 - utils - INFO - Making predictions for 10 customers
2026-02-05 21:13:12,666 - utils - INFO - Preprocessing input data
2026-02-05 21:13:12,667 - utils - INFO - Starting feature engineering pipeline
2026-02-05 21:13:12,668 - utils - INFO - Creating engagement score
2026-02-05 21:13:12,672 - utils - INFO - Creating recency features
2026-02-05 21:13:12,679 - utils - INFO - Creating frequency features
2026-02-05 21:13:12,686 - utils - INFO - Creating interaction features
2026-02-05 21:13:12,691 - utils - INFO - Creating behavioral change features
2026-02-05 21:13:12,698 - utils - INFO - Feature engineering completed. Total features: 24
2026-02-05 21:13:12,715 - utils - ERROR - Error making predictions: The feature names should match those that were passed during fit.
Feature names unseen at fit time:
- at_risk_indicator
- declining_usage
- engagement_score
- engagement_tenure_interaction
- is_recently_active
- ...

2026-02-05 21:13:12,717 - werkzeug - INFO - 127.0.0.1 - - [05/Feb/2026 21:13:12] "[35m[1mPOST /api/predict HTTP/1.1[0m" 500 -
2026-02-05 21:13:16,752 - utils - INFO - Making predictions using logistic_regression
2026-02-05 21:13:16,754 - utils - INFO - Loading logistic_regression model
2026-02-05 21:13:16,755 - utils - INFO - Loading model from F:\work\uet lahore\first semester\projects\customer-segmentation-project\models\saved\logistic_regression.pkl
2026-02-05 21:13:16,757 - utils - INFO - Loading model from F:\work\uet lahore\first semester\projects\customer-segmentation-project\data\processed\scaler.pkl
2026-02-05 21:13:16,759 - utils - INFO - Loaded scaler
2026-02-05 21:13:16,759 - utils - INFO - Making predictions for 10 customers
2026-02-05 21:13:16,759 - utils - INFO - Preprocessing input data
2026-02-05 21:13:16,759 - utils - INFO - Starting feature engineering pipeline
2026-02-05 21:13:16,759 - utils - INFO - Creating engagement score
2026-02-05 21:13:16,760 - utils - INFO - Creating recency features
2026-02-05 21:13:16,761 - utils - INFO - Creating frequency features
2026-02-05 21:13:16,763 - utils - INFO - Creating interaction features
2026-02-05 21:13:16,764 - utils - INFO - Creating behavioral change features
2026-02-05 21:13:16,769 - utils - INFO - Feature engineering completed. Total features: 24
2026-02-05 21:13:16,783 - utils - ERROR - Error making predictions: The feature names should match those that were passed during fit.
Feature names unseen at fit time:
- at_risk_indicator
- declining_usage
- engagement_score
- engagement_tenure_interaction
- is_recently_active
- ...

2026-02-05 21:13:16,784 - werkzeug - INFO - 127.0.0.1 - - [05/Feb/2026 21:13:16] "[35m[1mPOST /api/predict HTTP/1.1[0m" 500 -
2026-02-05 21:13:22,802 - utils - INFO - Making predictions using logistic_regression
2026-02-05 21:13:22,804 - utils - INFO - Loading logistic_regression model
2026-02-05 21:13:22,805 - utils - INFO - Loading model from F:\work\uet lahore\first semester\projects\customer-segmentation-project\models\saved\logistic_regression.pkl
2026-02-05 21:13:22,807 - utils - INFO - Loading model from F:\work\uet lahore\first semester\projects\customer-segmentation-project\data\processed\scaler.pkl
2026-02-05 21:13:22,808 - utils - INFO - Loaded scaler
2026-02-05 21:13:22,808 - utils - INFO - Making predictions for 10 customers
2026-02-05 21:13:22,808 - utils - INFO - Preprocessing input data
2026-02-05 21:13:22,809 - utils - INFO - Starting feature engineering pipeline
2026-02-05 21:13:22,810 - utils - INFO - Creating engagement score
2026-02-05 21:13:22,817 - utils - INFO - Creating recency features
2026-02-05 21:13:22,819 - utils - INFO - Creating frequency features
2026-02-05 21:13:22,825 - utils - INFO - Creating interaction features
2026-02-05 21:13:22,833 - utils - INFO - Creating behavioral change features
2026-02-05 21:13:22,841 - utils - INFO - Feature engineering completed. Total features: 24
2026-02-05 21:13:22,858 - utils - ERROR - Error making predictions: The feature names should match those that were passed during fit.
Feature names unseen at fit time:
- at_risk_indicator
- declining_usage
- engagement_score
- engagement_tenure_interaction
- is_recently_active
- ...

2026-02-05 21:13:22,861 - werkzeug - INFO - 127.0.0.1 - - [05/Feb/2026 21:13:22] "[35m[1mPOST /api/predict HTTP/1.1[0m" 500 -
